2020-06-08 13:00:44,672 DEBUG LoggerDebugName 123456789 awe45erbgg457ywrths562w435g  keep in a context
2020-06-08 13:00:44,690 ERROR ErrorLoggerNameLong null null I/O exception in a channel : [id: 0xdc55e4ee, L:/127.0.0.1:54568 - R:/127.0.0.1:65536]
2020-06-08 13:00:44,690  INFO NameLoggerInfo null awe45qw4fgas5edr7gw345tyasdf Random info 123135 message
